#
# There is insufficient memory for the Java Runtime Environment to continue.
# Native memory allocation (malloc) failed to allocate 1048576 bytes. Error detail: AllocateHeap
# Possible reasons:
#   The system is out of physical RAM or swap space
#   This process is running with CompressedOops enabled, and the Java Heap may be blocking the growth of the native heap
# Possible solutions:
#   Reduce memory load on the system
#   Increase physical memory or swap space
#   Check if swap backing store is full
#   Decrease Java heap size (-Xmx/-Xms)
#   Decrease number of Java threads
#   Decrease Java thread stack sizes (-Xss)
#   Set larger code cache with -XX:ReservedCodeCacheSize=
#   JVM is running with Unscaled Compressed Oops mode in which the Java heap is
#     placed in the first 4GB address space. The Java Heap base address is the
#     maximum limit for the native heap growth. Please use -XX:HeapBaseMinAddress
#     to set the Java Heap base and to place the Java Heap above 4GB virtual address.
# This output file may be truncated or incomplete.
#
#  Out of Memory Error (allocation.cpp:44), pid=19156, tid=20708
#
# JRE version: OpenJDK Runtime Environment Temurin-21.0.11+10 (21.0.11+10) (build 21.0.11+10-LTS)
# Java VM: OpenJDK 64-Bit Server VM Temurin-21.0.11+10 (21.0.11+10-LTS, mixed mode, sharing, tiered, compressed oops, compressed class ptrs, parallel gc, windows-amd64)
# No core dump will be written. Minidumps are not enabled by default on client versions of Windows
#

---------------  S U M M A R Y ------------

Command Line: --add-modules=ALL-SYSTEM --add-opens=java.base/java.util=ALL-UNNAMED --add-opens=java.base/java.lang=ALL-UNNAMED --add-opens=java.base/sun.nio.fs=ALL-UNNAMED -Declipse.application=org.eclipse.jdt.ls.core.id1 -Dosgi.bundles.defaultStartLevel=4 -Declipse.product=org.eclipse.jdt.ls.core.product -Djava.import.generatesMetadataFilesAtProjectRoot=false -DDetectVMInstallationsJob.disabled=true -Dfile.encoding=utf8 -XX:+UseParallelGC -XX:GCTimeRatio=4 -XX:AdaptiveSizePolicyWeight=90 -Dsun.zip.disableMemoryMapping=true -Xmx2G -Xms100m -Xlog:disable -javaagent:c:\Users\dohyu\.vscode\extensions\redhat.java-1.55.0-win32-x64\lombok\lombok-1.18.39-4050.jar -XX:+HeapDumpOnOutOfMemoryError -XX:HeapDumpPath=c:\Users\dohyu\AppData\Roaming\Code\User\workspaceStorage\d163b88322dec9e22b6c2669d0cfe314\redhat.java -Daether.dependencyCollector.impl=bf c:\Users\dohyu\.vscode\extensions\redhat.java-1.55.0-win32-x64\server\plugins\org.eclipse.equinox.launcher_1.7.200.v20260619-2039.jar -configuration c:\Users\dohyu\AppData\Roaming\Code\User\globalStorage\redhat.java\1.55.0\config_win -data c:\Users\dohyu\AppData\Roaming\Code\User\workspaceStorage\d163b88322dec9e22b6c2669d0cfe314\redhat.java\jdt_ws --pipe=\\.\pipe\lsp-2d7648c701689e4807316eecb2d423ea-sock

Host: Intel(R) Core(TM) i7-1065G7 CPU @ 1.30GHz, 8 cores, 7G,  Windows 11 , 64 bit Build 26100 (10.0.26100.8875)
Time: Fri Aug 14 13:54:10 2026 elapsed time: 2680.054982 seconds (0d 0h 44m 40s)

---------------  T H R E A D  ---------------

Current thread (0x000001b4d30b8760):  JavaThread "Attach Listener" daemon [_thread_in_vm, id=20708, stack(0x000000486d800000,0x000000486d900000) (1024K)]

Stack: [0x000000486d800000,0x000000486d900000]
Native frames: (J=compiled Java code, j=interpreted, Vv=VM code, C=native code)
V  [jvm.dll+0x6d7e19]
V  [jvm.dll+0x8b5096]
V  [jvm.dll+0x8b764e]
V  [jvm.dll+0x8b7d33]
V  [jvm.dll+0x284596]
V  [jvm.dll+0xc13c7]
V  [jvm.dll+0x6d86c9]
V  [jvm.dll+0x133616]
V  [jvm.dll+0x3f868e]
V  [jvm.dll+0x85fb0d]
V  [jvm.dll+0x6d664d]
C  [ucrtbase.dll+0x2cd30]
C  [KERNEL32.DLL+0x2e957]
C  [ntdll.dll+0xaad6c]


---------------  P R O C E S S  ---------------

Threads class SMR info:
_java_thread_list=0x000001b4f20eb0f0, length=36, elements={
0x000001b4d0e2b470, 0x000001b4d30aeb90, 0x000001b4d30b17e0, 0x000001b4d30b7880,
0x000001b4d30b8760, 0x000001b4d30bddc0, 0x000001b4d30c3ab0, 0x000001b4d30c48f0,
0x000001b4eb3a8120, 0x000001b4eb5adf50, 0x000001b4eb695e60, 0x000001b4eb48e700,
0x000001b4eb7e4b50, 0x000001b4eb741860, 0x000001b4eb5516b0, 0x000001b4f01e6090,
0x000001b4ebf2ff30, 0x000001b4f013d370, 0x000001b4f036eb80, 0x000001b4f036f8a0,
0x000001b4f036de60, 0x000001b4eb77b910, 0x000001b4eb77b280, 0x000001b4eb77ccc0,
0x000001b4eb77f420, 0x000001b4eb77e070, 0x000001b4eb77d350, 0x000001b4eb77bfa0,
0x000001b4eb77c630, 0x000001b4eb77ed90, 0x000001b4eb780140, 0x000001b4eb77d9e0,
0x000001b4fd017540, 0x000001b4fd016eb0, 0x000001b4fd014de0, 0x000001b4fd012d10
}

Java Threads: ( => current thread )
  0x000001b4d0e2b470 JavaThread "main"                              [_thread_blocked, id=29964, stack(0x000000486d100000,0x000000486d200000) (1024K)]
  0x000001b4d30aeb90 JavaThread "Reference Handler"          daemon [_thread_blocked, id=26068, stack(0x000000486d500000,0x000000486d600000) (1024K)]
  0x000001b4d30b17e0 JavaThread "Finalizer"                  daemon [_thread_blocked, id=23364, stack(0x000000486d600000,0x000000486d700000) (1024K)]
  0x000001b4d30b7880 JavaThread "Signal Dispatcher"          daemon [_thread_blocked, id=22232, stack(0x000000486d700000,0x000000486d800000) (1024K)]
=>0x000001b4d30b8760 JavaThread "Attach Listener"            daemon [_thread_in_vm, id=20708, stack(0x000000486d800000,0x000000486d900000) (1024K)]
  0x000001b4d30bddc0 JavaThread "Service Thread"             daemon [_thread_blocked, id=684, stack(0x000000486d900000,0x000000486da00000) (1024K)]
  0x000001b4d30c3ab0 JavaThread "Monitor Deflation Thread"   daemon [_thread_blocked, id=21180, stack(0x000000486da00000,0x000000486db00000) (1024K)]
  0x000001b4d30c48f0 JavaThread "C2 CompilerThread0"         daemon [_thread_blocked, id=29720, stack(0x000000486db00000,0x000000486dc00000) (1024K)]
  0x000001b4eb3a8120 JavaThread "C1 CompilerThread0"         daemon [_thread_blocked, id=9356, stack(0x000000486dc00000,0x000000486dd00000) (1024K)]
  0x000001b4eb5adf50 JavaThread "Common-Cleaner"             daemon [_thread_blocked, id=25284, stack(0x000000486dd00000,0x000000486de00000) (1024K)]
  0x000001b4eb695e60 JavaThread "Notification Thread"        daemon [_thread_blocked, id=16192, stack(0x000000486de00000,0x000000486df00000) (1024K)]
  0x000001b4eb48e700 JavaThread "Active Thread: Equinox Container: 70f16b06-d35e-4524-8044-b99ea1f092ca"        [_thread_blocked, id=28960, stack(0x000000486e500000,0x000000486e600000) (1024K)]
  0x000001b4eb7e4b50 JavaThread "Refresh Thread: Equinox Container: 70f16b06-d35e-4524-8044-b99ea1f092ca" daemon [_thread_blocked, id=24612, stack(0x000000486e700000,0x000000486e800000) (1024K)]
  0x000001b4eb741860 JavaThread "Framework Event Dispatcher: Equinox Container: 70f16b06-d35e-4524-8044-b99ea1f092ca" daemon [_thread_blocked, id=2016, stack(0x000000486e800000,0x000000486e900000) (1024K)]
  0x000001b4eb5516b0 JavaThread "Start Level: Equinox Container: 70f16b06-d35e-4524-8044-b99ea1f092ca" daemon [_thread_blocked, id=8508, stack(0x000000486e900000,0x000000486ea00000) (1024K)]
  0x000001b4f01e6090 JavaThread "Bundle File Closer"         daemon [_thread_blocked, id=31152, stack(0x000000486eb00000,0x000000486ec00000) (1024K)]
  0x000001b4ebf2ff30 JavaThread "SCR Component Actor"        daemon [_thread_blocked, id=5556, stack(0x000000486ea00000,0x000000486eb00000) (1024K)]
  0x000001b4f013d370 JavaThread "Worker-JM"                         [_thread_blocked, id=13776, stack(0x000000486ec00000,0x000000486ed00000) (1024K)]
  0x000001b4f036eb80 JavaThread "Java indexing"              daemon [_thread_blocked, id=24848, stack(0x000000486f000000,0x000000486f100000) (1024K)]
  0x000001b4f036f8a0 JavaThread "JNA Cleaner"                daemon [_thread_blocked, id=9536, stack(0x000000486f300000,0x000000486f400000) (1024K)]
  0x000001b4f036de60 JavaThread "Thread-1"                   daemon [_thread_in_native, id=16884, stack(0x000000486f800000,0x000000486f900000) (1024K)]
  0x000001b4eb77b910 JavaThread "Thread-2"                   daemon [_thread_in_native, id=21996, stack(0x000000486f900000,0x000000486fa00000) (1024K)]
  0x000001b4eb77b280 JavaThread "Thread-3"                   daemon [_thread_in_native, id=32188, stack(0x000000486fa00000,0x000000486fb00000) (1024K)]
  0x000001b4eb77ccc0 JavaThread "Thread-4"                   daemon [_thread_in_native, id=13384, stack(0x000000486fb00000,0x000000486fc00000) (1024K)]
  0x000001b4eb77f420 JavaThread "Thread-5"                   daemon [_thread_in_native, id=7376, stack(0x000000486fc00000,0x000000486fd00000) (1024K)]
  0x000001b4eb77e070 JavaThread "Thread-6"                   daemon [_thread_in_native, id=30816, stack(0x000000486fd00000,0x000000486fe00000) (1024K)]
  0x000001b4eb77d350 JavaThread "Thread-7"                   daemon [_thread_in_native, id=32412, stack(0x000000486fe00000,0x000000486ff00000) (1024K)]
  0x000001b4eb77bfa0 JavaThread "Thread-8"                   daemon [_thread_in_native, id=22708, stack(0x000000486ff00000,0x0000004870000000) (1024K)]
  0x000001b4eb77c630 JavaThread "Thread-9"                   daemon [_thread_in_native, id=22156, stack(0x0000004870000000,0x0000004870100000) (1024K)]
  0x000001b4eb77ed90 JavaThread "pool-2-thread-1"                   [_thread_blocked, id=17344, stack(0x0000004870100000,0x0000004870200000) (1024K)]
  0x000001b4eb780140 JavaThread "WorkspaceEventsHandler"            [_thread_blocked, id=21308, stack(0x0000004870200000,0x0000004870300000) (1024K)]
  0x000001b4eb77d9e0 JavaThread "pool-1-thread-1"                   [_thread_blocked, id=19804, stack(0x0000004870300000,0x0000004870400000) (1024K)]
  0x000001b4fd017540 JavaThread "Cleaner-0"                  daemon [_thread_blocked, id=27832, stack(0x0000004871a00000,0x0000004871b00000) (1024K)]
  0x000001b4fd016eb0 JavaThread "Worker-16: Publish Diagnostics"        [_thread_in_Java, id=12796, stack(0x000000486ef00000,0x000000486f000000) (1024K)]
  0x000001b4fd014de0 JavaThread "Worker-18"                         [_thread_blocked, id=16740, stack(0x000000486cf00000,0x000000486d000000) (1024K)]
  0x000001b4fd012d10 JavaThread "Worker-19"                         [_thread_blocked, id=10676, stack(0x000000486f100000,0x000000486f200000) (1024K)]
Total: 36

Other Threads:
  0x000001b4d30926f0 VMThread "VM Thread"                           [id=32664, stack(0x000000486d400000,0x000000486d500000) (1024K)]
  0x000001b4d31a9ae0 WatcherThread "VM Periodic Task Thread"        [id=29160, stack(0x000000486d300000,0x000000486d400000) (1024K)]
  0x000001b4d315a1d0 WorkerThread "GC Thread#0"                     [id=20412, stack(0x000000486d200000,0x000000486d300000) (1024K)]
  0x000001b4eba58640 WorkerThread "GC Thread#1"                     [id=10348, stack(0x000000486df00000,0x000000486e000000) (1024K)]
  0x000001b4ebcda9a0 WorkerThread "GC Thread#2"                     [id=20108, stack(0x000000486e000000,0x000000486e100000) (1024K)]
  0x000001b4ebdb1430 WorkerThread "GC Thread#3"                     [id=22240, stack(0x000000486e100000,0x000000486e200000) (1024K)]
  0x000001b4ebdb0920 WorkerThread "GC Thread#4"                     [id=24452, stack(0x000000486e200000,0x000000486e300000) (1024K)]
  0x000001b4ebdb0cd0 WorkerThread "GC Thread#5"                     [id=27412, stack(0x000000486e300000,0x000000486e400000) (1024K)]
  0x000001b4ebdb1f40 WorkerThread "GC Thread#6"                     [id=20032, stack(0x000000486e400000,0x000000486e500000) (1024K)]
  0x000001b4ebdb0570 WorkerThread "GC Thread#7"                     [id=4352, stack(0x000000486e600000,0x000000486e700000) (1024K)]
Total: 10

Threads with active compile tasks:
Total: 0

VM state: not at safepoint (normal execution)

VM Mutex/Monitor currently owned by a thread: None

Heap address: 0x0000000080000000, size: 2048 MB, Compressed Oops mode: 32-bit

CDS archive(s) mapped at: [0x000001b480000000-0x000001b480ba0000-0x000001b480ba0000), size 12189696, SharedBaseAddress: 0x000001b480000000, ArchiveRelocationMode: 1.
Compressed class space mapped at: 0x000001b481000000-0x000001b4c1000000, reserved size: 1073741824
Narrow klass base: 0x000001b480000000, Narrow klass shift: 0, Narrow klass range: 0x100000000

GC Precious Log:
 CardTable entry size: 512
 CPUs: 8 total, 8 available
 Memory: 7901M
 Large Page Support: Disabled
 NUMA Support: Disabled
 Compressed Oops: Enabled (32-bit)
 Alignments: Space 512K, Generation 512K, Heap 2M
 Heap Min Capacity: 100M
 Heap Initial Capacity: 100M
 Heap Max Capacity: 2G
 Pre-touch: Disabled
 Parallel Workers: 8

Heap:
 PSYoungGen      total 2560K, used 1162K [0x00000000d5580000, 0x00000000d5900000, 0x0000000100000000)
  eden space 2048K, 47% used [0x00000000d5580000,0x00000000d5675118,0x00000000d5780000)
  from space 512K, 37% used [0x00000000d5880000,0x00000000d58b0000,0x00000000d5900000)
  to   space 512K, 0% used [0x00000000d5800000,0x00000000d5800000,0x00000000d5880000)
 ParOldGen       total 943104K, used 282945K [0x0000000080000000, 0x00000000b9900000, 0x00000000d5580000)
  object space 943104K, 30% used [0x0000000080000000,0x0000000091450698,0x00000000b9900000)
 Metaspace       used 83960K, committed 85632K, reserved 1179648K
  class space    used 8758K, committed 9536K, reserved 1048576K

Card table byte_map: [0x000001b4d2ae0000,0x000001b4d2ef0000] _byte_map_base: 0x000001b4d26e0000

Marking Bits: (ParMarkBitMap*) 0x00007ffdb3324460
 Begin Bits: [0x000001b4e55f0000, 0x000001b4e75f0000)
 End Bits:   [0x000001b4e75f0000, 0x000001b4e95f0000)

Polling page: 0x000001b4d1090000

Metaspace:

Usage:
  Non-class:     73.44 MB used.
      Class:      8.55 MB used.
       Both:     81.99 MB used.

Virtual space:
  Non-class space:      128.00 MB reserved,      74.31 MB ( 58%) committed,  2 nodes.
      Class space:        1.00 GB reserved,       9.31 MB ( <1%) committed,  1 nodes.
             Both:        1.12 GB reserved,      83.62 MB (  7%) committed. 

Chunk freelists:
   Non-Class:  5.13 MB
       Class:  6.54 MB
        Both:  11.67 MB

MaxMetaspaceSize: unlimited
CompressedClassSpaceSize: 1.00 GB
Initial GC threshold: 21.00 MB
Current GC threshold: 133.44 MB
CDS: on
 - commit_granule_bytes: 65536.
 - commit_granule_words: 8192.
 - virtual_space_node_default_size: 8388608.
 - enlarge_chunks_in_place: 1.
 - use_allocation_guard: 0.


Internal statistics:

num_allocs_failed_limit: 9.
num_arena_births: 1536.
num_arena_deaths: 38.
num_vsnodes_births: 3.
num_vsnodes_deaths: 0.
num_space_committed: 1338.
num_space_uncommitted: 0.
num_chunks_returned_to_freelist: 57.
num_chunks_taken_from_freelist: 5479.
num_chunk_merges: 16.
num_chunk_splits: 3294.
num_chunks_enlarged: 1842.
num_inconsistent_stats: 0.

CodeHeap 'non-profiled nmethods': size=120000Kb used=18371Kb max_used=18371Kb free=101628Kb
 bounds [0x000001b4dde10000, 0x000001b4df010000, 0x000001b4e5340000]
CodeHeap 'profiled nmethods': size=120000Kb used=42345Kb max_used=42345Kb free=77654Kb
 bounds [0x000001b4d6340000, 0x000001b4d8ca0000, 0x000001b4dd870000]
CodeHeap 'non-nmethods': size=5760Kb used=1525Kb max_used=1606Kb free=4234Kb
 bounds [0x000001b4dd870000, 0x000001b4ddae0000, 0x000001b4dde10000]
CodeCache: size=245760Kb, used=62241Kb, max_used=62322Kb, free=183516Kb
 total_blobs=18413, nmethods=17576, adapters=741, full_count=0
Compilation: enabled, stopped_count=0, restarted_count=0

Compilation events (20 events):
Event: 2635.818 Thread 0x000001b4d30c48f0 19518   !   4       org.eclipse.jdt.ls.core.internal.handlers.JsonRpcHelpers::toOffset (43 bytes)
Event: 2635.827 Thread 0x000001b4d30c48f0 nmethod 19518 0x000001b4deffcf10 code [0x000001b4deffd0e0, 0x000001b4deffd680]
Event: 2649.540 Thread 0x000001b4d30c48f0 19519       4       org.eclipse.jdt.internal.compiler.parser.Parser::optimizedConcatNodeLists (21 bytes)
Event: 2649.542 Thread 0x000001b4d30c48f0 nmethod 19519 0x000001b4deffdb10 code [0x000001b4deffdca0, 0x000001b4deffdd80]
Event: 2661.198 Thread 0x000001b4d30c48f0 19520       4       org.eclipse.jdt.core.compiler.CharOperation::isWhitespace (23 bytes)
Event: 2661.200 Thread 0x000001b4d30c48f0 nmethod 19520 0x000001b4deffde90 code [0x000001b4deffe020, 0x000001b4deffe0d8]
Event: 2662.731 Thread 0x000001b4d30c48f0 19521       4       org.eclipse.jdt.internal.compiler.parser.Parser::consumeMethodBody (14 bytes)
Event: 2662.732 Thread 0x000001b4d30c48f0 nmethod 19521 0x000001b4deffe190 code [0x000001b4deffe320, 0x000001b4deffe3f8]
Event: 2663.952 Thread 0x000001b4d30c48f0 19522       4       org.eclipse.osgi.internal.log.EquinoxLogWriter::isLoggable (65 bytes)
Event: 2663.958 Thread 0x000001b4d30c48f0 nmethod 19522 0x000001b4deffe510 code [0x000001b4deffe6c0, 0x000001b4deffeb48]
Event: 2667.249 Thread 0x000001b4d30c48f0 19523   !   4       org.eclipse.jdt.internal.compiler.parser.Scanner::jumpOverMethodBody (2550 bytes)
Event: 2667.272 Thread 0x000001b4d30c48f0 nmethod 19523 0x000001b4deffec90 code [0x000001b4deffeec0, 0x000001b4defff7a0]
Event: 2672.786 Thread 0x000001b4d30c48f0 19524       4       sun.util.locale.LocaleUtils::isAlphaNumericString (33 bytes)
Event: 2672.792 Thread 0x000001b4d30c48f0 nmethod 19524 0x000001b4defffd10 code [0x000001b4defffea0, 0x000001b4df000040]
Event: 2676.839 Thread 0x000001b4d30c48f0 19525       4       java.util.Hashtable::getIterator (22 bytes)
Event: 2676.845 Thread 0x000001b4d30c48f0 nmethod 19525 0x000001b4df000210 code [0x000001b4df0003a0, 0x000001b4df000510]
Event: 2676.845 Thread 0x000001b4d30c48f0 19526       4       org.eclipse.jdt.internal.compiler.parser.Parser::concatExpressionLists (21 bytes)
Event: 2676.846 Thread 0x000001b4d30c48f0 nmethod 19526 0x000001b4df000610 code [0x000001b4df0007a0, 0x000001b4df000880]
Event: 2677.891 Thread 0x000001b4d30c48f0 19527       4       org.eclipse.jdt.internal.compiler.parser.Parser::consumeBlockStatement (1 bytes)
Event: 2677.892 Thread 0x000001b4d30c48f0 nmethod 19527 0x000001b4df000990 code [0x000001b4df000b20, 0x000001b4df000ba8]

GC Heap History (20 events):
Event: 2638.776 GC heap before
{Heap before GC invocations=2349 (full 4):
 PSYoungGen      total 2560K, used 2240K [0x00000000d5580000, 0x00000000d5900000, 0x0000000100000000)
  eden space 2048K, 100% used [0x00000000d5580000,0x00000000d5780000,0x00000000d5780000)
  from space 512K, 37% used [0x00000000d5880000,0x00000000d58b0000,0x00000000d5900000)
  to   space 512K, 0% used [0x00000000d5800000,0x00000000d5800000,0x00000000d5880000)
 ParOldGen       total 943104K, used 282809K [0x0000000080000000, 0x00000000b9900000, 0x00000000d5580000)
  object space 943104K, 29% used [0x0000000080000000,0x000000009142e698,0x00000000b9900000)
 Metaspace       used 83960K, committed 85632K, reserved 1179648K
  class space    used 8758K, committed 9536K, reserved 1048576K
}
Event: 2638.779 GC heap after
{Heap after GC invocations=2349 (full 4):
 PSYoungGen      total 2560K, used 192K [0x00000000d5580000, 0x00000000d5900000, 0x0000000100000000)
  eden space 2048K, 0% used [0x00000000d5580000,0x00000000d5580000,0x00000000d5780000)
  from space 512K, 37% used [0x00000000d5800000,0x00000000d5830000,0x00000000d5880000)
  to   space 512K, 0% used [0x00000000d5880000,0x00000000d5880000,0x00000000d5900000)
 ParOldGen       total 943104K, used 282833K [0x0000000080000000, 0x00000000b9900000, 0x00000000d5580000)
  object space 943104K, 29% used [0x0000000080000000,0x0000000091434698,0x00000000b9900000)
 Metaspace       used 83960K, committed 85632K, reserved 1179648K
  class space    used 8758K, committed 9536K, reserved 1048576K
}
Event: 2643.438 GC heap before
{Heap before GC invocations=2350 (full 4):
 PSYoungGen      total 2560K, used 2239K [0x00000000d5580000, 0x00000000d5900000, 0x0000000100000000)
  eden space 2048K, 99% used [0x00000000d5580000,0x00000000d577fff8,0x00000000d5780000)
  from space 512K, 37% used [0x00000000d5800000,0x00000000d5830000,0x00000000d5880000)
  to   space 512K, 0% used [0x00000000d5880000,0x00000000d5880000,0x00000000d5900000)
 ParOldGen       total 943104K, used 282833K [0x0000000080000000, 0x00000000b9900000, 0x00000000d5580000)
  object space 943104K, 29% used [0x0000000080000000,0x0000000091434698,0x00000000b9900000)
 Metaspace       used 83960K, committed 85632K, reserved 1179648K
  class space    used 8758K, committed 9536K, reserved 1048576K
}
Event: 2643.440 GC heap after
{Heap after GC invocations=2350 (full 4):
 PSYoungGen      total 2560K, used 160K [0x00000000d5580000, 0x00000000d5900000, 0x0000000100000000)
  eden space 2048K, 0% used [0x00000000d5580000,0x00000000d5580000,0x00000000d5780000)
  from space 512K, 31% used [0x00000000d5880000,0x00000000d58a8000,0x00000000d5900000)
  to   space 512K, 0% used [0x00000000d5800000,0x00000000d5800000,0x00000000d5880000)
 ParOldGen       total 943104K, used 282833K [0x0000000080000000, 0x00000000b9900000, 0x00000000d5580000)
  object space 943104K, 29% used [0x0000000080000000,0x0000000091434698,0x00000000b9900000)
 Metaspace       used 83960K, committed 85632K, reserved 1179648K
  class space    used 8758K, committed 9536K, reserved 1048576K
}
Event: 2647.826 GC heap before
{Heap before GC invocations=2351 (full 4):
 PSYoungGen      total 2560K, used 2208K [0x00000000d5580000, 0x00000000d5900000, 0x0000000100000000)
  eden space 2048K, 100% used [0x00000000d5580000,0x00000000d5780000,0x00000000d5780000)
  from space 512K, 31% used [0x00000000d5880000,0x00000000d58a8000,0x00000000d5900000)
  to   space 512K, 0% used [0x00000000d5800000,0x00000000d5800000,0x00000000d5880000)
 ParOldGen       total 943104K, used 282833K [0x0000000080000000, 0x00000000b9900000, 0x00000000d5580000)
  object space 943104K, 29% used [0x0000000080000000,0x0000000091434698,0x00000000b9900000)
 Metaspace       used 83960K, committed 85632K, reserved 1179648K
  class space    used 8758K, committed 9536K, reserved 1048576K
}
Event: 2647.830 GC heap after
{Heap after GC invocations=2351 (full 4):
 PSYoungGen      total 2560K, used 192K [0x00000000d5580000, 0x00000000d5900000, 0x0000000100000000)
  eden space 2048K, 0% used [0x00000000d5580000,0x00000000d5580000,0x00000000d5780000)
  from space 512K, 37% used [0x00000000d5800000,0x00000000d5830000,0x00000000d5880000)
  to   space 512K, 0% used [0x00000000d5880000,0x00000000d5880000,0x00000000d5900000)
 ParOldGen       total 943104K, used 282857K [0x0000000080000000, 0x00000000b9900000, 0x00000000d5580000)
  object space 943104K, 29% used [0x0000000080000000,0x000000009143a698,0x00000000b9900000)
 Metaspace       used 83960K, committed 85632K, reserved 1179648K
  class space    used 8758K, committed 9536K, reserved 1048576K
}
Event: 2651.539 GC heap before
{Heap before GC invocations=2352 (full 4):
 PSYoungGen      total 2560K, used 2239K [0x00000000d5580000, 0x00000000d5900000, 0x0000000100000000)
  eden space 2048K, 99% used [0x00000000d5580000,0x00000000d577fda0,0x00000000d5780000)
  from space 512K, 37% used [0x00000000d5800000,0x00000000d5830000,0x00000000d5880000)
  to   space 512K, 0% used [0x00000000d5880000,0x00000000d5880000,0x00000000d5900000)
 ParOldGen       total 943104K, used 282857K [0x0000000080000000, 0x00000000b9900000, 0x00000000d5580000)
  object space 943104K, 29% used [0x0000000080000000,0x000000009143a698,0x00000000b9900000)
 Metaspace       used 83960K, committed 85632K, reserved 1179648K
  class space    used 8758K, committed 9536K, reserved 1048576K
}
Event: 2651.542 GC heap after
{Heap after GC invocations=2352 (full 4):
 PSYoungGen      total 2560K, used 160K [0x00000000d5580000, 0x00000000d5900000, 0x0000000100000000)
  eden space 2048K, 0% used [0x00000000d5580000,0x00000000d5580000,0x00000000d5780000)
  from space 512K, 31% used [0x00000000d5880000,0x00000000d58a8000,0x00000000d5900000)
  to   space 512K, 0% used [0x00000000d5800000,0x00000000d5800000,0x00000000d5880000)
 ParOldGen       total 943104K, used 282881K [0x0000000080000000, 0x00000000b9900000, 0x00000000d5580000)
  object space 943104K, 29% used [0x0000000080000000,0x0000000091440698,0x00000000b9900000)
 Metaspace       used 83960K, committed 85632K, reserved 1179648K
  class space    used 8758K, committed 9536K, reserved 1048576K
}
Event: 2656.131 GC heap before
{Heap before GC invocations=2353 (full 4):
 PSYoungGen      total 2560K, used 2201K [0x00000000d5580000, 0x00000000d5900000, 0x0000000100000000)
  eden space 2048K, 99% used [0x00000000d5580000,0x00000000d577e540,0x00000000d5780000)
  from space 512K, 31% used [0x00000000d5880000,0x00000000d58a8000,0x00000000d5900000)
  to   space 512K, 0% used [0x00000000d5800000,0x00000000d5800000,0x00000000d5880000)
 ParOldGen       total 943104K, used 282881K [0x0000000080000000, 0x00000000b9900000, 0x00000000d5580000)
  object space 943104K, 29% used [0x0000000080000000,0x0000000091440698,0x00000000b9900000)
 Metaspace       used 83960K, committed 85632K, reserved 1179648K
  class space    used 8758K, committed 9536K, reserved 1048576K
}
Event: 2656.134 GC heap after
{Heap after GC invocations=2353 (full 4):
 PSYoungGen      total 2560K, used 192K [0x00000000d5580000, 0x00000000d5900000, 0x0000000100000000)
  eden space 2048K, 0% used [0x00000000d5580000,0x00000000d5580000,0x00000000d5780000)
  from space 512K, 37% used [0x00000000d5800000,0x00000000d5830000,0x00000000d5880000)
  to   space 512K, 0% used [0x00000000d5880000,0x00000000d5880000,0x00000000d5900000)
 ParOldGen       total 943104K, used 282881K [0x0000000080000000, 0x00000000b9900000, 0x00000000d5580000)
  object space 943104K, 29% used [0x0000000080000000,0x0000000091440698,0x00000000b9900000)
 Metaspace       used 83960K, committed 85632K, reserved 1179648K
  class space    used 8758K, committed 9536K, reserved 1048576K
}
Event: 2660.175 GC heap before
{Heap before GC invocations=2354 (full 4):
 PSYoungGen      total 2560K, used 2240K [0x00000000d5580000, 0x00000000d5900000, 0x0000000100000000)
  eden space 2048K, 100% used [0x00000000d5580000,0x00000000d5780000,0x00000000d5780000)
  from space 512K, 37% used [0x00000000d5800000,0x00000000d5830000,0x00000000d5880000)
  to   space 512K, 0% used [0x00000000d5880000,0x00000000d5880000,0x00000000d5900000)
 ParOldGen       total 943104K, used 282881K [0x0000000080000000, 0x00000000b9900000, 0x00000000d5580000)
  object space 943104K, 29% used [0x0000000080000000,0x0000000091440698,0x00000000b9900000)
 Metaspace       used 83960K, committed 85632K, reserved 1179648K
  class space    used 8758K, committed 9536K, reserved 1048576K
}
Event: 2660.176 GC heap after
{Heap after GC invocations=2354 (full 4):
 PSYoungGen      total 2560K, used 224K [0x00000000d5580000, 0x00000000d5900000, 0x0000000100000000)
  eden space 2048K, 0% used [0x00000000d5580000,0x00000000d5580000,0x00000000d5780000)
  from space 512K, 43% used [0x00000000d5880000,0x00000000d58b8000,0x00000000d5900000)
  to   space 512K, 0% used [0x00000000d5800000,0x00000000d5800000,0x00000000d5880000)
 ParOldGen       total 943104K, used 282921K [0x0000000080000000, 0x00000000b9900000, 0x00000000d5580000)
  object space 943104K, 29% used [0x0000000080000000,0x000000009144a698,0x00000000b9900000)
 Metaspace       used 83960K, committed 85632K, reserved 1179648K
  class space    used 8758K, committed 9536K, reserved 1048576K
}
Event: 2664.867 GC heap before
{Heap before GC invocations=2355 (full 4):
 PSYoungGen      total 2560K, used 2272K [0x00000000d5580000, 0x00000000d5900000, 0x0000000100000000)
  eden space 2048K, 100% used [0x00000000d5580000,0x00000000d5780000,0x00000000d5780000)
  from space 512K, 43% used [0x00000000d5880000,0x00000000d58b8000,0x00000000d5900000)
  to   space 512K, 0% used [0x00000000d5800000,0x00000000d5800000,0x00000000d5880000)
 ParOldGen       total 943104K, used 282921K [0x0000000080000000, 0x00000000b9900000, 0x00000000d5580000)
  object space 943104K, 29% used [0x0000000080000000,0x000000009144a698,0x00000000b9900000)
 Metaspace       used 83960K, committed 85632K, reserved 1179648K
  class space    used 8758K, committed 9536K, reserved 1048576K
}
Event: 2664.890 GC heap after
{Heap after GC invocations=2355 (full 4):
 PSYoungGen      total 2560K, used 192K [0x00000000d5580000, 0x00000000d5900000, 0x0000000100000000)
  eden space 2048K, 0% used [0x00000000d5580000,0x00000000d5580000,0x00000000d5780000)
  from space 512K, 37% used [0x00000000d5800000,0x00000000d5830000,0x00000000d5880000)
  to   space 512K, 0% used [0x00000000d5880000,0x00000000d5880000,0x00000000d5900000)
 ParOldGen       total 943104K, used 282921K [0x0000000080000000, 0x00000000b9900000, 0x00000000d5580000)
  object space 943104K, 29% used [0x0000000080000000,0x000000009144a698,0x00000000b9900000)
 Metaspace       used 83960K, committed 85632K, reserved 1179648K
  class space    used 8758K, committed 9536K, reserved 1048576K
}
Event: 2668.927 GC heap before
{Heap before GC invocations=2356 (full 4):
 PSYoungGen      total 2560K, used 2227K [0x00000000d5580000, 0x00000000d5900000, 0x0000000100000000)
  eden space 2048K, 99% used [0x00000000d5580000,0x00000000d577cc20,0x00000000d5780000)
  from space 512K, 37% used [0x00000000d5800000,0x00000000d5830000,0x00000000d5880000)
  to   space 512K, 0% used [0x00000000d5880000,0x00000000d5880000,0x00000000d5900000)
 ParOldGen       total 943104K, used 282921K [0x0000000080000000, 0x00000000b9900000, 0x00000000d5580000)
  object space 943104K, 29% used [0x0000000080000000,0x000000009144a698,0x00000000b9900000)
 Metaspace       used 83960K, committed 85632K, reserved 1179648K
  class space    used 8758K, committed 9536K, reserved 1048576K
}
Event: 2668.928 GC heap after
{Heap after GC invocations=2356 (full 4):
 PSYoungGen      total 2560K, used 224K [0x00000000d5580000, 0x00000000d5900000, 0x0000000100000000)
  eden space 2048K, 0% used [0x00000000d5580000,0x00000000d5580000,0x00000000d5780000)
  from space 512K, 43% used [0x00000000d5880000,0x00000000d58b8000,0x00000000d5900000)
  to   space 512K, 0% used [0x00000000d5800000,0x00000000d5800000,0x00000000d5880000)
 ParOldGen       total 943104K, used 282945K [0x0000000080000000, 0x00000000b9900000, 0x00000000d5580000)
  object space 943104K, 30% used [0x0000000080000000,0x0000000091450698,0x00000000b9900000)
 Metaspace       used 83960K, committed 85632K, reserved 1179648K
  class space    used 8758K, committed 9536K, reserved 1048576K
}
Event: 2672.719 GC heap before
{Heap before GC invocations=2357 (full 4):
 PSYoungGen      total 2560K, used 2272K [0x00000000d5580000, 0x00000000d5900000, 0x0000000100000000)
  eden space 2048K, 100% used [0x00000000d5580000,0x00000000d5780000,0x00000000d5780000)
  from space 512K, 43% used [0x00000000d5880000,0x00000000d58b8000,0x00000000d5900000)
  to   space 512K, 0% used [0x00000000d5800000,0x00000000d5800000,0x00000000d5880000)
 ParOldGen       total 943104K, used 282945K [0x0000000080000000, 0x00000000b9900000, 0x00000000d5580000)
  object space 943104K, 30% used [0x0000000080000000,0x0000000091450698,0x00000000b9900000)
 Metaspace       used 83960K, committed 85632K, reserved 1179648K
  class space    used 8758K, committed 9536K, reserved 1048576K
}
Event: 2672.721 GC heap after
{Heap after GC invocations=2357 (full 4):
 PSYoungGen      total 2560K, used 256K [0x00000000d5580000, 0x00000000d5900000, 0x0000000100000000)
  eden space 2048K, 0% used [0x00000000d5580000,0x00000000d5580000,0x00000000d5780000)
  from space 512K, 50% used [0x00000000d5800000,0x00000000d5840000,0x00000000d5880000)
  to   space 512K, 0% used [0x00000000d5880000,0x00000000d5880000,0x00000000d5900000)
 ParOldGen       total 943104K, used 282945K [0x0000000080000000, 0x00000000b9900000, 0x00000000d5580000)
  object space 943104K, 30% used [0x0000000080000000,0x0000000091450698,0x00000000b9900000)
 Metaspace       used 83960K, committed 85632K, reserved 1179648K
  class space    used 8758K, committed 9536K, reserved 1048576K
}
Event: 2676.783 GC heap before
{Heap before GC invocations=2358 (full 4):
 PSYoungGen      total 2560K, used 2304K [0x00000000d5580000, 0x00000000d5900000, 0x0000000100000000)
  eden space 2048K, 100% used [0x00000000d5580000,0x00000000d5780000,0x00000000d5780000)
  from space 512K, 50% used [0x00000000d5800000,0x00000000d5840000,0x00000000d5880000)
  to   space 512K, 0% used [0x00000000d5880000,0x00000000d5880000,0x00000000d5900000)
 ParOldGen       total 943104K, used 282945K [0x0000000080000000, 0x00000000b9900000, 0x00000000d5580000)
  object space 943104K, 30% used [0x0000000080000000,0x0000000091450698,0x00000000b9900000)
 Metaspace       used 83960K, committed 85632K, reserved 1179648K
  class space    used 8758K, committed 9536K, reserved 1048576K
}
Event: 2676.785 GC heap after
{Heap after GC invocations=2358 (full 4):
 PSYoungGen      total 2560K, used 192K [0x00000000d5580000, 0x00000000d5900000, 0x0000000100000000)
  eden space 2048K, 0% used [0x00000000d5580000,0x00000000d5580000,0x00000000d5780000)
  from space 512K, 37% used [0x00000000d5880000,0x00000000d58b0000,0x00000000d5900000)
  to   space 512K, 0% used [0x00000000d5800000,0x00000000d5800000,0x00000000d5880000)
 ParOldGen       total 943104K, used 282945K [0x0000000080000000, 0x00000000b9900000, 0x00000000d5580000)
  object space 943104K, 30% used [0x0000000080000000,0x0000000091450698,0x00000000b9900000)
 Metaspace       used 83960K, committed 85632K, reserved 1179648K
  class space    used 8758K, committed 9536K, reserved 1048576K
}

Dll operation events (14 events):
Event: 0.048 Loaded shared library c:\Users\dohyu\.vscode\extensions\redhat.java-1.55.0-win32-x64\jre\21.0.11-win32-x86_64\bin\java.dll
Event: 0.174 Loaded shared library c:\Users\dohyu\.vscode\extensions\redhat.java-1.55.0-win32-x64\jre\21.0.11-win32-x86_64\bin\zip.dll
Event: 0.446 Loaded shared library C:\Users\dohyu\.vscode\extensions\redhat.java-1.55.0-win32-x64\jre\21.0.11-win32-x86_64\bin\instrument.dll
Event: 0.457 Loaded shared library C:\Users\dohyu\.vscode\extensions\redhat.java-1.55.0-win32-x64\jre\21.0.11-win32-x86_64\bin\net.dll
Event: 0.462 Loaded shared library C:\Users\dohyu\.vscode\extensions\redhat.java-1.55.0-win32-x64\jre\21.0.11-win32-x86_64\bin\nio.dll
Event: 0.468 Loaded shared library C:\Users\dohyu\.vscode\extensions\redhat.java-1.55.0-win32-x64\jre\21.0.11-win32-x86_64\bin\zip.dll
Event: 0.528 Loaded shared library C:\Users\dohyu\.vscode\extensions\redhat.java-1.55.0-win32-x64\jre\21.0.11-win32-x86_64\bin\jimage.dll
Event: 0.856 Loaded shared library c:\Users\dohyu\.vscode\extensions\redhat.java-1.55.0-win32-x64\jre\21.0.11-win32-x86_64\bin\verify.dll
Event: 26.124 Loaded shared library C:\Users\dohyu\AppData\Roaming\Code\User\globalStorage\redhat.java\1.55.0\config_win\org.eclipse.equinox.launcher\org.eclipse.equinox.launcher.win32.win32.x86_64_1.3.100.v20260613-0559\eclipse_11924.dll
Event: 53.970 Loaded shared library C:\Users\dohyu\.vscode\extensions\redhat.java-1.55.0-win32-x64\jre\21.0.11-win32-x86_64\bin\management.dll
Event: 53.975 Loaded shared library C:\Users\dohyu\.vscode\extensions\redhat.java-1.55.0-win32-x64\jre\21.0.11-win32-x86_64\bin\management_ext.dll
Event: 57.822 Loaded shared library C:\Users\dohyu\AppData\Local\Temp\jna-95762713\jna7005715268021199982.dll
Event: 59.877 Loaded shared library C:\Users\dohyu\.vscode\extensions\redhat.java-1.55.0-win32-x64\jre\21.0.11-win32-x86_64\bin\sunmscapi.dll
Event: 60.237 Loaded shared library C:\Users\dohyu\.vscode\extensions\redhat.java-1.55.0-win32-x64\jre\21.0.11-win32-x86_64\bin\extnet.dll

Deoptimization events (20 events):
Event: 2608.245 Thread 0x000001b4fd016eb0 DEOPT PACKING pc=0x000001b4deff478c sp=0x000000486effe600
Event: 2608.246 Thread 0x000001b4fd016eb0 DEOPT UNPACKING pc=0x000001b4dd8c6da2 sp=0x000000486effe560 mode 2
Event: 2654.398 Thread 0x000001b4eb77d9e0 DEOPT PACKING pc=0x000001b4d8c3245d sp=0x00000048703ff060
Event: 2654.398 Thread 0x000001b4eb77d9e0 DEOPT UNPACKING pc=0x000001b4dd8c78e2 sp=0x00000048703fe5b0 mode 0
Event: 2668.983 Thread 0x000001b4fd016eb0 Uncommon trap: trap_request=0xffffffbe fr.pc=0x000001b4deffef24 relative=0x0000000000000064
Event: 2668.983 Thread 0x000001b4fd016eb0 Uncommon trap: reason=profile_predicate action=maybe_recompile pc=0x000001b4deffef24 method=org.eclipse.jdt.internal.compiler.parser.Scanner.jumpOverMethodBody()V @ 12 c2
Event: 2668.983 Thread 0x000001b4fd016eb0 DEOPT PACKING pc=0x000001b4deffef24 sp=0x000000486effe600
Event: 2668.984 Thread 0x000001b4fd016eb0 DEOPT UNPACKING pc=0x000001b4dd8c6da2 sp=0x000000486effe560 mode 2
Event: 2669.833 Thread 0x000001b4fd014de0 Uncommon trap: trap_request=0xffffffbe fr.pc=0x000001b4deffef24 relative=0x0000000000000064
Event: 2669.833 Thread 0x000001b4fd014de0 Uncommon trap: reason=profile_predicate action=maybe_recompile pc=0x000001b4deffef24 method=org.eclipse.jdt.internal.compiler.parser.Scanner.jumpOverMethodBody()V @ 12 c2
Event: 2669.833 Thread 0x000001b4fd014de0 DEOPT PACKING pc=0x000001b4deffef24 sp=0x000000486cffe970
Event: 2669.834 Thread 0x000001b4fd014de0 DEOPT UNPACKING pc=0x000001b4dd8c6da2 sp=0x000000486cffe8d0 mode 2
Event: 2670.717 Thread 0x000001b4fd012d10 Uncommon trap: trap_request=0xffffffbe fr.pc=0x000001b4deffef24 relative=0x0000000000000064
Event: 2670.717 Thread 0x000001b4fd012d10 Uncommon trap: reason=profile_predicate action=maybe_recompile pc=0x000001b4deffef24 method=org.eclipse.jdt.internal.compiler.parser.Scanner.jumpOverMethodBody()V @ 12 c2
Event: 2670.717 Thread 0x000001b4fd012d10 DEOPT PACKING pc=0x000001b4deffef24 sp=0x000000486f1feb90
Event: 2670.718 Thread 0x000001b4fd012d10 DEOPT UNPACKING pc=0x000001b4dd8c6da2 sp=0x000000486f1feaf0 mode 2
Event: 2671.751 Thread 0x000001b4fd016eb0 Uncommon trap: trap_request=0xffffffbe fr.pc=0x000001b4deffef24 relative=0x0000000000000064
Event: 2671.751 Thread 0x000001b4fd016eb0 Uncommon trap: reason=profile_predicate action=maybe_recompile pc=0x000001b4deffef24 method=org.eclipse.jdt.internal.compiler.parser.Scanner.jumpOverMethodBody()V @ 12 c2
Event: 2671.751 Thread 0x000001b4fd016eb0 DEOPT PACKING pc=0x000001b4deffef24 sp=0x000000486effe600
Event: 2671.751 Thread 0x000001b4fd016eb0 DEOPT UNPACKING pc=0x000001b4dd8c6da2 sp=0x000000486effe560 mode 2

Classes loaded (20 events):
Event: 1828.717 Loading class java/util/stream/ReferencePipeline$4
Event: 1828.724 Loading class java/util/stream/ReferencePipeline$4 done
Event: 1828.727 Loading class java/util/stream/Nodes$IntFixedNodeBuilder
Event: 1828.729 Loading class java/util/stream/Node$Builder$OfInt
Event: 1828.731 Loading class java/util/stream/Node$Builder$OfInt done
Event: 1828.732 Loading class java/util/stream/Nodes$IntArrayNode
Event: 1828.733 Loading class java/util/stream/Nodes$IntArrayNode done
Event: 1828.733 Loading class java/util/stream/Nodes$IntFixedNodeBuilder done
Event: 1828.733 Loading class java/util/stream/ReferencePipeline$4$1
Event: 1828.735 Loading class java/util/stream/ReferencePipeline$4$1 done
Event: 1830.586 Loading class javax/xml/transform/TransformerConfigurationException
Event: 1830.593 Loading class javax/xml/transform/TransformerConfigurationException done
Event: 1831.262 Loading class java/util/LinkedList$LLSpliterator
Event: 1831.263 Loading class java/util/LinkedList$LLSpliterator done
Event: 2042.384 Loading class java/lang/Throwable$WrappedPrintWriter
Event: 2042.386 Loading class java/lang/Throwable$PrintStreamOrWriter
Event: 2042.387 Loading class java/lang/Throwable$PrintStreamOrWriter done
Event: 2042.387 Loading class java/lang/Throwable$WrappedPrintWriter done
Event: 2116.169 Loading class java/nio/channels/CompletionHandler
Event: 2116.174 Loading class java/nio/channels/CompletionHandler done

Classes unloaded (19 events):
Event: 55.113 Thread 0x000001b4d30926f0 Unloading class 0x000001b4811a4c00 'java/lang/invoke/LambdaForm$MH+0x000001b4811a4c00'
Event: 55.113 Thread 0x000001b4d30926f0 Unloading class 0x000001b4811a4800 'java/lang/invoke/LambdaForm$MH+0x000001b4811a4800'
Event: 55.113 Thread 0x000001b4d30926f0 Unloading class 0x000001b4811a4400 'java/lang/invoke/LambdaForm$MH+0x000001b4811a4400'
Event: 55.113 Thread 0x000001b4d30926f0 Unloading class 0x000001b4811a4000 'java/lang/invoke/LambdaForm$MH+0x000001b4811a4000'
Event: 55.113 Thread 0x000001b4d30926f0 Unloading class 0x000001b4811a3c00 'java/lang/invoke/LambdaForm$BMH+0x000001b4811a3c00'
Event: 55.113 Thread 0x000001b4d30926f0 Unloading class 0x000001b4811a3800 'java/lang/invoke/LambdaForm$DMH+0x000001b4811a3800'
Event: 55.113 Thread 0x000001b4d30926f0 Unloading class 0x000001b4811a2800 'java/lang/invoke/LambdaForm$DMH+0x000001b4811a2800'
Event: 58.879 Thread 0x000001b4d30926f0 Unloading class 0x000001b4812f1800 'java/lang/invoke/LambdaForm$MH+0x000001b4812f1800'
Event: 58.879 Thread 0x000001b4d30926f0 Unloading class 0x000001b4812f0c00 'java/lang/invoke/LambdaForm$MH+0x000001b4812f0c00'
Event: 58.879 Thread 0x000001b4d30926f0 Unloading class 0x000001b4812f0800 'java/lang/invoke/LambdaForm$MH+0x000001b4812f0800'
Event: 58.879 Thread 0x000001b4d30926f0 Unloading class 0x000001b4812f0000 'java/lang/invoke/LambdaForm$MH+0x000001b4812f0000'
Event: 58.879 Thread 0x000001b4d30926f0 Unloading class 0x000001b4812ef800 'java/lang/invoke/LambdaForm$DMH+0x000001b4812ef800'
Event: 58.879 Thread 0x000001b4d30926f0 Unloading class 0x000001b4812ee400 'java/lang/invoke/LambdaForm$MH+0x000001b4812ee400'
Event: 106.182 Thread 0x000001b4d30926f0 Unloading class 0x000001b4816a8000 'java/lang/invoke/LambdaForm$DMH+0x000001b4816a8000'
Event: 106.182 Thread 0x000001b4d30926f0 Unloading class 0x000001b4816a1800 'java/lang/invoke/LambdaForm$DMH+0x000001b4816a1800'
Event: 106.182 Thread 0x000001b4d30926f0 Unloading class 0x000001b4816a1c00 'java/lang/invoke/LambdaForm$DMH+0x000001b4816a1c00'
Event: 106.182 Thread 0x000001b4d30926f0 Unloading class 0x000001b4816a1400 'java/lang/invoke/LambdaForm$DMH+0x000001b4816a1400'
Event: 516.161 Thread 0x000001b4d30926f0 Unloading class 0x000001b4817ba800 'java/lang/invoke/LambdaForm$MH+0x000001b4817ba800'
Event: 516.161 Thread 0x000001b4d30926f0 Unloading class 0x000001b4817ba000 'java/lang/invoke/LambdaForm$MH+0x000001b4817ba000'

Classes redefined (0 events):
No events

Internal exceptions (20 events):
Event: 543.216 Thread 0x000001b4f0b55fc0 Exception <a 'sun/nio/fs/WindowsException'{0x00000000d56a9d50}> (0x00000000d56a9d50) 
thrown [s\src\hotspot\share\prims\jni.cpp, line 520]
Event: 543.216 Thread 0x000001b4f0b55fc0 Exception <a 'sun/nio/fs/WindowsException'{0x00000000d56aa478}> (0x00000000d56aa478) 
thrown [s\src\hotspot\share\prims\jni.cpp, line 520]
Event: 543.441 Thread 0x000001b4f0b55fc0 Exception <a 'sun/nio/fs/WindowsException'{0x00000000d56824c8}> (0x00000000d56824c8) 
thrown [s\src\hotspot\share\prims\jni.cpp, line 520]
Event: 543.441 Thread 0x000001b4f0b55fc0 Exception <a 'sun/nio/fs/WindowsException'{0x00000000d56875b8}> (0x00000000d56875b8) 
thrown [s\src\hotspot\share\prims\jni.cpp, line 520]
Event: 543.452 Thread 0x000001b4f0b55fc0 Exception <a 'sun/nio/fs/WindowsException'{0x00000000d56a31a8}> (0x00000000d56a31a8) 
thrown [s\src\hotspot\share\prims\jni.cpp, line 520]
Event: 543.452 Thread 0x000001b4f0b55fc0 Exception <a 'sun/nio/fs/WindowsException'{0x00000000d56a38d0}> (0x00000000d56a38d0) 
thrown [s\src\hotspot\share\prims\jni.cpp, line 520]
Event: 638.392 Thread 0x000001b4f0b55fc0 Exception <a 'sun/nio/fs/WindowsException'{0x00000000d559fad8}> (0x00000000d559fad8) 
thrown [s\src\hotspot\share\prims\jni.cpp, line 520]
Event: 638.392 Thread 0x000001b4f0b55fc0 Exception <a 'sun/nio/fs/WindowsException'{0x00000000d55a04b0}> (0x00000000d55a04b0) 
thrown [s\src\hotspot\share\prims\jni.cpp, line 520]
Event: 638.396 Thread 0x000001b4f0b55fc0 Exception <a 'sun/nio/fs/WindowsException'{0x00000000d55a70c8}> (0x00000000d55a70c8) 
thrown [s\src\hotspot\share\prims\jni.cpp, line 520]
Event: 638.397 Thread 0x000001b4f0b55fc0 Exception <a 'sun/nio/fs/WindowsException'{0x00000000d55a7aa0}> (0x00000000d55a7aa0) 
thrown [s\src\hotspot\share\prims\jni.cpp, line 520]
Event: 638.406 Thread 0x000001b4f0b55fc0 Exception <a 'sun/nio/fs/WindowsException'{0x00000000d55acca0}> (0x00000000d55acca0) 
thrown [s\src\hotspot\share\prims\jni.cpp, line 520]
Event: 638.406 Thread 0x000001b4f0b55fc0 Exception <a 'sun/nio/fs/WindowsException'{0x00000000d55ad678}> (0x00000000d55ad678) 
thrown [s\src\hotspot\share\prims\jni.cpp, line 520]
Event: 825.123 Thread 0x000001b4eb77d9e0 Exception <a 'java/lang/IncompatibleClassChangeError'{0x00000000d5680368}: Found class java.lang.Object, but interface was expected> (0x00000000d5680368) 
thrown [s\src\hotspot\share\interpreter\linkResolver.cpp, line 840]
Event: 1826.665 Thread 0x000001b4eb77d9e0 Exception <a 'java/lang/IncompatibleClassChangeError'{0x00000000d566fa90}: Found class java.lang.Object, but interface was expected> (0x00000000d566fa90) 
thrown [s\src\hotspot\share\interpreter\linkResolver.cpp, line 840]
Event: 1827.164 Thread 0x000001b4fd0140c0 Exception <a 'java/lang/NoSuchMethodError'{0x00000000d566db08}: 'java.lang.Object java.lang.invoke.DirectMethodHandle$Holder.invokeStatic(java.lang.Object, int, java.lang.Object)'> (0x00000000d566db08) 
thrown [s\src\hotspot\share\interpreter\linkResolver.cpp, line 773]
Event: 1837.378 Thread 0x000001b4fd0140c0 Exception <a 'java/lang/ArrayIndexOutOfBoundsException'{0x00000000d55aff30}> (0x00000000d55aff30) 
thrown [s\src\hotspot\share\runtime\sharedRuntime.cpp, line 625]
Event: 2050.137 Thread 0x000001b4fd015b00 Exception <a 'java/lang/ArrayIndexOutOfBoundsException'{0x00000000d56b9a40}> (0x00000000d56b9a40) 
thrown [s\src\hotspot\share\runtime\sharedRuntime.cpp, line 625]
Event: 2074.308 Thread 0x000001b4eb77d9e0 Exception <a 'java/lang/IncompatibleClassChangeError'{0x00000000d57573a8}: Found class java.lang.Object, but interface was expected> (0x00000000d57573a8) 
thrown [s\src\hotspot\share\interpreter\linkResolver.cpp, line 840]
Event: 2075.163 Thread 0x000001b4fd015b00 Exception <a 'java/lang/ArrayIndexOutOfBoundsException'{0x00000000d56c4db8}> (0x00000000d56c4db8) 
thrown [s\src\hotspot\share\runtime\sharedRuntime.cpp, line 625]
Event: 2082.327 Thread 0x000001b4fd016190 Exception <a 'java/lang/ArrayIndexOutOfBoundsException'{0x00000000d56f3b50}> (0x00000000d56f3b50) 
thrown [s\src\hotspot\share\runtime\sharedRuntime.cpp, line 625]

ZGC Phase Switch (0 events):
No events

VM Operations (20 events):
Event: 2646.224 Executing non-safepoint VM operation: HandshakeAllThreads (HandshakeForDeflation)
Event: 2646.224 Executing non-safepoint VM operation: HandshakeAllThreads (HandshakeForDeflation) done
Event: 2646.224 Executing non-safepoint VM operation: RendezvousGCThreads
Event: 2646.224 Executing non-safepoint VM operation: RendezvousGCThreads done
Event: 2647.826 Executing safepoint VM operation: ParallelGCFailedAllocation (Allocation Failure)
Event: 2647.830 Executing safepoint VM operation: ParallelGCFailedAllocation (Allocation Failure) done
Event: 2651.539 Executing safepoint VM operation: ParallelGCFailedAllocation (Allocation Failure)
Event: 2651.542 Executing safepoint VM operation: ParallelGCFailedAllocation (Allocation Failure) done
Event: 2656.131 Executing safepoint VM operation: ParallelGCFailedAllocation (Allocation Failure)
Event: 2656.134 Executing safepoint VM operation: ParallelGCFailedAllocation (Allocation Failure) done
Event: 2660.175 Executing safepoint VM operation: ParallelGCFailedAllocation (Allocation Failure)
Event: 2660.176 Executing safepoint VM operation: ParallelGCFailedAllocation (Allocation Failure) done
Event: 2664.867 Executing safepoint VM operation: ParallelGCFailedAllocation (Allocation Failure)
Event: 2664.890 Executing safepoint VM operation: ParallelGCFailedAllocation (Allocation Failure) done
Event: 2668.927 Executing safepoint VM operation: ParallelGCFailedAllocation (Allocation Failure)
Event: 2668.928 Executing safepoint VM operation: ParallelGCFailedAllocation (Allocation Failure) done
Event: 2672.719 Executing safepoint VM operation: ParallelGCFailedAllocation (Allocation Failure)
Event: 2672.721 Executing safepoint VM operation: ParallelGCFailedAllocation (Allocation Failure) done
Event: 2676.783 Executing safepoint VM operation: ParallelGCFailedAllocation (Allocation Failure)
Event: 2676.785 Executing safepoint VM operation: ParallelGCFailedAllocation (Allocation Failure) done

Memory protections (0 events):
No events

Nmethod flushes (20 events):
Event: 518.548 Thread 0x000001b4d30926f0 flushing  nmethod 0x000001b4d74f0490
Event: 518.548 Thread 0x000001b4d30926f0 flushing  nmethod 0x000001b4d7561490
Event: 518.549 Thread 0x000001b4d30926f0 flushing  nmethod 0x000001b4d75ace90
Event: 518.549 Thread 0x000001b4d30926f0 flushing  nmethod 0x000001b4d75e5e90
Event: 518.549 Thread 0x000001b4d30926f0 flushing  nmethod 0x000001b4d766f310
Event: 518.549 Thread 0x000001b4d30926f0 flushing  nmethod 0x000001b4d7679210
Event: 518.549 Thread 0x000001b4d30926f0 flushing  nmethod 0x000001b4d76eda90
Event: 518.549 Thread 0x000001b4d30926f0 flushing  nmethod 0x000001b4d7736c90
Event: 518.549 Thread 0x000001b4d30926f0 flushing  nmethod 0x000001b4d7740590
Event: 518.549 Thread 0x000001b4d30926f0 flushing  nmethod 0x000001b4d779bb10
Event: 518.550 Thread 0x000001b4d30926f0 flushing  nmethod 0x000001b4d779f190
Event: 518.551 Thread 0x000001b4d30926f0 flushing  nmethod 0x000001b4d77a3390
Event: 518.551 Thread 0x000001b4d30926f0 flushing  nmethod 0x000001b4d77ac790
Event: 518.551 Thread 0x000001b4d30926f0 flushing  nmethod 0x000001b4d77e3310
Event: 518.552 Thread 0x000001b4d30926f0 flushing  nmethod 0x000001b4d77e6510
Event: 518.552 Thread 0x000001b4d30926f0 flushing  nmethod 0x000001b4d77fff90
Event: 518.552 Thread 0x000001b4d30926f0 flushing  nmethod 0x000001b4d7800310
Event: 518.552 Thread 0x000001b4d30926f0 flushing  nmethod 0x000001b4d788db10
Event: 518.552 Thread 0x000001b4d30926f0 flushing  nmethod 0x000001b4d7897090
Event: 518.552 Thread 0x000001b4d30926f0 flushing osr nmethod 0x000001b4d78f3790

Events (20 events):
Event: 2012.289 Thread 0x000001b4f036e4f0 Thread exited: 0x000001b4f036e4f0
Event: 2017.404 Thread 0x000001b4fd012d10 Thread exited: 0x000001b4fd012d10
Event: 2022.524 Thread 0x000001b4fd0133a0 Thread exited: 0x000001b4fd0133a0
Event: 2036.980 Thread 0x000001b4eb77d9e0 Thread added: 0x000001b4fd014de0
Event: 2036.985 Thread 0x000001b4f0b55fc0 Thread exited: 0x000001b4f0b55fc0
Event: 2037.024 Thread 0x000001b4eb77d9e0 Thread added: 0x000001b4fd015b00
Event: 2037.025 Thread 0x000001b4fd015b00 Thread added: 0x000001b4fd0133a0
Event: 2037.034 Thread 0x000001b4eb77d9e0 Thread added: 0x000001b4fd016190
Event: 2039.066 Thread 0x000001b4fd016eb0 Thread added: 0x000001b4fd012d10
Event: 2062.357 Thread 0x000001b4eb3a8120 Thread added: 0x000001b4f0501860
Event: 2062.606 Thread 0x000001b4f0501860 Thread exited: 0x000001b4f0501860
Event: 2146.672 Thread 0x000001b4fd016190 Thread exited: 0x000001b4fd016190
Event: 2206.680 Thread 0x000001b4fd015b00 Thread exited: 0x000001b4fd015b00
Event: 2266.682 Thread 0x000001b4fd014750 Thread exited: 0x000001b4fd014750
Event: 2322.537 Thread 0x000001b4fd01a330 Thread exited: 0x000001b4fd01a330
Event: 2326.701 Thread 0x000001b4fd015470 Thread exited: 0x000001b4fd015470
Event: 2386.709 Thread 0x000001b4fd016820 Thread exited: 0x000001b4fd016820
Event: 2446.724 Thread 0x000001b4fd0133a0 Thread exited: 0x000001b4fd0133a0
Event: 2506.724 Thread 0x000001b4fd017bd0 Thread exited: 0x000001b4fd017bd0
Event: 2622.554 Thread 0x000001b4fd013a30 Thread exited: 0x000001b4fd013a30


Dynamic libraries:
0x00007ff7d8f70000 - 0x00007ff7d8f7e000 	c:\Users\dohyu\.vscode\extensions\redhat.java-1.55.0-win32-x64\jre\21.0.11-win32-x86_64\bin\java.exe
0x00007ffe5ab60000 - 0x00007ffe5adc6000 	C:\WINDOWS\SYSTEM32\ntdll.dll
0x00007ffe58d70000 - 0x00007ffe58e39000 	C:\WINDOWS\System32\KERNEL32.DLL
0x00007ffe583c0000 - 0x00007ffe587be000 	C:\WINDOWS\System32\KERNELBASE.dll
0x00007ffe57e30000 - 0x00007ffe57f7c000 	C:\WINDOWS\System32\ucrtbase.dll
0x00007ffe48600000 - 0x00007ffe48618000 	c:\Users\dohyu\.vscode\extensions\redhat.java-1.55.0-win32-x64\jre\21.0.11-win32-x86_64\bin\jli.dll
0x00007ffe59ed0000 - 0x00007ffe5a097000 	C:\WINDOWS\System32\USER32.dll
0x00007ffe485e0000 - 0x00007ffe485fe000 	c:\Users\dohyu\.vscode\extensions\redhat.java-1.55.0-win32-x64\jre\21.0.11-win32-x86_64\bin\VCRUNTIME140.dll
0x00007ffe57f90000 - 0x00007ffe57fb7000 	C:\WINDOWS\System32\win32u.dll
0x00007ffe5aaf0000 - 0x00007ffe5ab1b000 	C:\WINDOWS\System32\GDI32.dll
0x00007ffe58080000 - 0x00007ffe581aa000 	C:\WINDOWS\System32\gdi32full.dll
0x00007ffe57d80000 - 0x00007ffe57e23000 	C:\WINDOWS\System32\msvcp_win.dll
0x00007ffe42ab0000 - 0x00007ffe42d42000 	C:\WINDOWS\WinSxS\amd64_microsoft.windows.common-controls_6595b64144ccf1df_6.0.26100.8875_none_3e0d5d42e32fe9dd\COMCTL32.dll
0x00007ffe58aa0000 - 0x00007ffe58b49000 	C:\WINDOWS\System32\msvcrt.dll
0x00007ffe58cb0000 - 0x00007ffe58ce2000 	C:\WINDOWS\System32\IMM32.DLL
0x00007ffe516b0000 - 0x00007ffe516bc000 	c:\Users\dohyu\.vscode\extensions\redhat.java-1.55.0-win32-x64\jre\21.0.11-win32-x86_64\bin\vcruntime140_1.dll
0x00007ffe01e10000 - 0x00007ffe01e9d000 	c:\Users\dohyu\.vscode\extensions\redhat.java-1.55.0-win32-x64\jre\21.0.11-win32-x86_64\bin\msvcp140.dll
0x00007ffdb2660000 - 0x00007ffdb3402000 	c:\Users\dohyu\.vscode\extensions\redhat.java-1.55.0-win32-x64\jre\21.0.11-win32-x86_64\bin\server\jvm.dll
0x00007ffe5a4e0000 - 0x00007ffe5a597000 	C:\WINDOWS\System32\ADVAPI32.dll
0x00007ffe5a770000 - 0x00007ffe5a81a000 	C:\WINDOWS\System32\sechost.dll
0x00007ffe5a9c0000 - 0x00007ffe5aad8000 	C:\WINDOWS\System32\RPCRT4.dll
0x00007ffe5a450000 - 0x00007ffe5a4d0000 	C:\WINDOWS\System32\WS2_32.dll
0x00007ffe57be0000 - 0x00007ffe57c3e000 	C:\WINDOWS\SYSTEM32\POWRPROF.dll
0x00007ffe4a330000 - 0x00007ffe4a33b000 	C:\WINDOWS\SYSTEM32\VERSION.dll
0x00007ffe46190000 - 0x00007ffe461c6000 	C:\WINDOWS\SYSTEM32\WINMM.dll
0x00007ffe57bc0000 - 0x00007ffe57bd4000 	C:\WINDOWS\SYSTEM32\UMPDC.dll
0x00007ffe56a60000 - 0x00007ffe56a7b000 	C:\WINDOWS\SYSTEM32\kernel.appcore.dll
0x00007ffe4a300000 - 0x00007ffe4a30a000 	c:\Users\dohyu\.vscode\extensions\redhat.java-1.55.0-win32-x64\jre\21.0.11-win32-x86_64\bin\jimage.dll
0x00007ffe552c0000 - 0x00007ffe55502000 	C:\WINDOWS\SYSTEM32\DBGHELP.DLL
0x00007ffe5a0a0000 - 0x00007ffe5a423000 	C:\WINDOWS\System32\combase.dll
0x00007ffe59d60000 - 0x00007ffe59e39000 	C:\WINDOWS\System32\OLEAUT32.dll
0x00007ffe54430000 - 0x00007ffe5446b000 	C:\WINDOWS\SYSTEM32\dbgcore.DLL
0x00007ffe57fc0000 - 0x00007ffe5806c000 	C:\WINDOWS\System32\bcryptPrimitives.dll
0x00007ffe485d0000 - 0x00007ffe485df000 	c:\Users\dohyu\.vscode\extensions\redhat.java-1.55.0-win32-x64\jre\21.0.11-win32-x86_64\bin\instrument.dll
0x00007ffe38c00000 - 0x00007ffe38c20000 	c:\Users\dohyu\.vscode\extensions\redhat.java-1.55.0-win32-x64\jre\21.0.11-win32-x86_64\bin\java.dll
0x00007ffe59030000 - 0x00007ffe597c2000 	C:\WINDOWS\System32\SHELL32.dll
0x00007ffe55800000 - 0x00007ffe56092000 	C:\WINDOWS\SYSTEM32\windows.storage.dll
0x00007ffe58bb0000 - 0x00007ffe58ca7000 	C:\WINDOWS\System32\SHCORE.dll
0x00007ffe58890000 - 0x00007ffe588f7000 	C:\WINDOWS\System32\shlwapi.dll
0x00007ffe57ca0000 - 0x00007ffe57cc9000 	C:\WINDOWS\SYSTEM32\profapi.dll
0x00007ffe38af0000 - 0x00007ffe38b08000 	c:\Users\dohyu\.vscode\extensions\redhat.java-1.55.0-win32-x64\jre\21.0.11-win32-x86_64\bin\zip.dll
0x00007ffe49ed0000 - 0x00007ffe49ee0000 	C:\Users\dohyu\.vscode\extensions\redhat.java-1.55.0-win32-x64\jre\21.0.11-win32-x86_64\bin\net.dll
0x00007ffe54290000 - 0x00007ffe543b7000 	C:\WINDOWS\SYSTEM32\WINHTTP.dll
0x00007ffe57010000 - 0x00007ffe5707c000 	C:\WINDOWS\system32\mswsock.dll
0x00007ffe32190000 - 0x00007ffe321a6000 	C:\Users\dohyu\.vscode\extensions\redhat.java-1.55.0-win32-x64\jre\21.0.11-win32-x86_64\bin\nio.dll
0x00007ffe48590000 - 0x00007ffe485a0000 	c:\Users\dohyu\.vscode\extensions\redhat.java-1.55.0-win32-x64\jre\21.0.11-win32-x86_64\bin\verify.dll
0x00007ffe49ff0000 - 0x00007ffe4a035000 	C:\Users\dohyu\AppData\Roaming\Code\User\globalStorage\redhat.java\1.55.0\config_win\org.eclipse.equinox.launcher\org.eclipse.equinox.launcher.win32.win32.x86_64_1.3.100.v20260613-0559\eclipse_11924.dll
0x00007ffe5a820000 - 0x00007ffe5a9b9000 	C:\WINDOWS\System32\ole32.dll
0x00007ffe484f0000 - 0x00007ffe484fa000 	C:\Users\dohyu\.vscode\extensions\redhat.java-1.55.0-win32-x64\jre\21.0.11-win32-x86_64\bin\management.dll
0x00007ffe48480000 - 0x00007ffe4848c000 	C:\Users\dohyu\.vscode\extensions\redhat.java-1.55.0-win32-x64\jre\21.0.11-win32-x86_64\bin\management_ext.dll
0x00007ffe59020000 - 0x00007ffe59028000 	C:\WINDOWS\System32\PSAPI.DLL
0x00007ffe57310000 - 0x00007ffe5732b000 	C:\WINDOWS\SYSTEM32\CRYPTSP.dll
0x00007ffe569c0000 - 0x00007ffe569f9000 	C:\WINDOWS\system32\rsaenh.dll
0x00007ffe570d0000 - 0x00007ffe57102000 	C:\WINDOWS\SYSTEM32\USERENV.dll
0x00007ffe57c70000 - 0x00007ffe57c9a000 	C:\WINDOWS\SYSTEM32\bcrypt.dll
0x00007ffe57330000 - 0x00007ffe5733c000 	C:\WINDOWS\SYSTEM32\CRYPTBASE.dll
0x00007ffe56440000 - 0x00007ffe56473000 	C:\WINDOWS\SYSTEM32\IPHLPAPI.DLL
0x00007ffe5a760000 - 0x00007ffe5a76a000 	C:\WINDOWS\System32\NSI.dll
0x00007ffe2ba80000 - 0x00007ffe2bac9000 	C:\Users\dohyu\AppData\Local\Temp\jna-95762713\jna7005715268021199982.dll
0x00007ffe4fdb0000 - 0x00007ffe4fdcd000 	C:\WINDOWS\SYSTEM32\dhcpcsvc6.DLL
0x00007ffe4e310000 - 0x00007ffe4e335000 	C:\WINDOWS\SYSTEM32\dhcpcsvc.DLL
0x00007ffe43020000 - 0x00007ffe4302e000 	C:\Users\dohyu\.vscode\extensions\redhat.java-1.55.0-win32-x64\jre\21.0.11-win32-x86_64\bin\sunmscapi.dll
0x00007ffe58240000 - 0x00007ffe583b8000 	C:\WINDOWS\System32\CRYPT32.dll
0x00007ffe57550000 - 0x00007ffe57580000 	C:\WINDOWS\SYSTEM32\ncrypt.dll
0x00007ffe57500000 - 0x00007ffe5753f000 	C:\WINDOWS\SYSTEM32\NTASN1.dll
0x00007ffe56500000 - 0x00007ffe56656000 	C:\WINDOWS\SYSTEM32\DNSAPI.dll
0x00007ffe56df0000 - 0x00007ffe56dfd000 	C:\WINDOWS\SYSTEM32\DSPARSE.dll
0x00007ffe51770000 - 0x00007ffe5177b000 	C:\Windows\System32\rasadhlp.dll
0x00007ffe4fca0000 - 0x00007ffe4fd26000 	C:\WINDOWS\System32\fwpuclnt.dll
0x00007ffe482f0000 - 0x00007ffe482f9000 	C:\Users\dohyu\.vscode\extensions\redhat.java-1.55.0-win32-x64\jre\21.0.11-win32-x86_64\bin\extnet.dll
0x00007ffe56b90000 - 0x00007ffe56bc6000 	C:\WINDOWS\SYSTEM32\ntmarta.dll

JVMTI agents:
c:\Users\dohyu\.vscode\extensions\redhat.java-1.55.0-win32-x64\lombok\lombok-1.18.39-4050.jar path:c:\Users\dohyu\.vscode\extensions\redhat.java-1.55.0-win32-x64\jre\21.0.11-win32-x86_64\bin\instrument.dll, loaded, initialized, instrumentlib options:none

dbghelp: loaded successfully - version: 4.0.5 - missing functions: none
symbol engine: initialized successfully - sym options: 0x614 - pdb path: .;c:\Users\dohyu\.vscode\extensions\redhat.java-1.55.0-win32-x64\jre\21.0.11-win32-x86_64\bin;C:\WINDOWS\SYSTEM32;C:\WINDOWS\WinSxS\amd64_microsoft.windows.common-controls_6595b64144ccf1df_6.0.26100.8875_none_3e0d5d42e32fe9dd;c:\Users\dohyu\.vscode\extensions\redhat.java-1.55.0-win32-x64\jre\21.0.11-win32-x86_64\bin\server;C:\Users\dohyu\AppData\Roaming\Code\User\globalStorage\redhat.java\1.55.0\config_win\org.eclipse.equinox.launcher\org.eclipse.equinox.launcher.win32.win32.x86_64_1.3.100.v20260613-0559;C:\Users\dohyu\AppData\Local\Temp\jna-95762713

VM Arguments:
jvm_args: --add-modules=ALL-SYSTEM --add-opens=java.base/java.util=ALL-UNNAMED --add-opens=java.base/java.lang=ALL-UNNAMED --add-opens=java.base/sun.nio.fs=ALL-UNNAMED -Declipse.application=org.eclipse.jdt.ls.core.id1 -Dosgi.bundles.defaultStartLevel=4 -Declipse.product=org.eclipse.jdt.ls.core.product -Djava.import.generatesMetadataFilesAtProjectRoot=false -DDetectVMInstallationsJob.disabled=true -Dfile.encoding=utf8 -XX:+UseParallelGC -XX:GCTimeRatio=4 -XX:AdaptiveSizePolicyWeight=90 -Dsun.zip.disableMemoryMapping=true -Xmx2G -Xms100m -Xlog:disable -javaagent:c:\Users\dohyu\.vscode\extensions\redhat.java-1.55.0-win32-x64\lombok\lombok-1.18.39-4050.jar -XX:+HeapDumpOnOutOfMemoryError -XX:HeapDumpPath=c:\Users\dohyu\AppData\Roaming\Code\User\workspaceStorage\d163b88322dec9e22b6c2669d0cfe314\redhat.java -Daether.dependencyCollector.impl=bf 
java_command: c:\Users\dohyu\.vscode\extensions\redhat.java-1.55.0-win32-x64\server\plugins\org.eclipse.equinox.launcher_1.7.200.v20260619-2039.jar -configuration c:\Users\dohyu\AppData\Roaming\Code\User\globalStorage\redhat.java\1.55.0\config_win -data c:\Users\dohyu\AppData\Roaming\Code\User\workspaceStorage\d163b88322dec9e22b6c2669d0cfe314\redhat.java\jdt_ws --pipe=\\.\pipe\lsp-2d7648c701689e4807316eecb2d423ea-sock
java_class_path (initial): c:\Users\dohyu\.vscode\extensions\redhat.java-1.55.0-win32-x64\server\plugins\org.eclipse.equinox.launcher_1.7.200.v20260619-2039.jar
Launcher Type: SUN_STANDARD

[Global flags]
    uintx AdaptiveSizePolicyWeight                 = 90                                        {product} {command line}
     intx CICompilerCount                          = 4                                         {product} {ergonomic}
    uintx GCTimeRatio                              = 4                                         {product} {command line}
     bool HeapDumpOnOutOfMemoryError               = true                                   {manageable} {command line}
    ccstr HeapDumpPath                             = c:\Users\dohyu\AppData\Roaming\Code\User\workspaceStorage\d163b88322dec9e22b6c2669d0cfe314\redhat.java         {manageable} {command line}
   size_t InitialHeapSize                          = 104857600                                 {product} {command line}
   size_t MaxHeapSize                              = 2147483648                                {product} {command line}
   size_t MaxNewSize                               = 715653120                                 {product} {ergonomic}
   size_t MinHeapDeltaBytes                        = 524288                                    {product} {ergonomic}
   size_t MinHeapSize                              = 104857600                                 {product} {command line}
   size_t NewSize                                  = 34603008                                  {product} {ergonomic}
    uintx NonNMethodCodeHeapSize                   = 5839372                                {pd product} {ergonomic}
    uintx NonProfiledCodeHeapSize                  = 122909434                              {pd product} {ergonomic}
   size_t OldSize                                  = 70254592                                  {product} {ergonomic}
    uintx ProfiledCodeHeapSize                     = 122909434                              {pd product} {ergonomic}
    uintx ReservedCodeCacheSize                    = 251658240                              {pd product} {ergonomic}
     bool SegmentedCodeCache                       = true                                      {product} {ergonomic}
   size_t SoftMaxHeapSize                          = 2147483648                             {manageable} {ergonomic}
     bool UseCompressedOops                        = true                           {product lp64_product} {ergonomic}
     bool UseLargePagesIndividualAllocation        = false                                  {pd product} {ergonomic}
     bool UseParallelGC                            = true                                      {product} {command line}

Logging:
Log output configuration:
 #0: stdout all=off uptime,level,tags foldmultilines=false
 #1: stderr all=off uptime,level,tags foldmultilines=false

Release file:
JAVA_VERSION="21.0.11" 
MODULES="java.base java.compiler java.datatransfer java.xml java.prefs java.desktop java.instrument java.logging java.management java.security.sasl java.naming java.rmi java.management.rmi java.net.http java.scripting java.security.jgss java.transaction.xa java.sql java.sql.rowset java.xml.crypto java.se java.smartcardio jdk.accessibility jdk.internal.jvmstat jdk.attach jdk.charsets jdk.internal.opt jdk.zipfs jdk.compiler jdk.crypto.ec jdk.crypto.cryptoki jdk.crypto.mscapi jdk.dynalink jdk.internal.ed jdk.editpad jdk.hotspot.agent jdk.httpserver jdk.internal.le jdk.internal.vm.ci jdk.internal.vm.compiler jdk.internal.vm.compiler.management jdk.jartool jdk.javadoc jdk.jcmd jdk.management jdk.management.agent jdk.jconsole jdk.jdeps jdk.jdwp.agent jdk.jdi jdk.jfr jdk.jshell jdk.jsobject jdk.jstatd jdk.localedata jdk.management.jfr jdk.naming.dns jdk.naming.rmi jdk.net jdk.nio.mapmode jdk.random jdk.sctp jdk.security.auth jdk.security.jgss jdk.unsupported jdk.unsupported.desktop jdk.xml.dom" 

Environment Variables:
JAVA_HOME=C:\Program Files\Java\jdk-17.0.3
PATH=C:\Program Files\Eclipse Adoptium\jdk-17.0.19.10-hotspot\bin;C:\WINDOWS\system32;C:\WINDOWS;C:\WINDOWS\System32\Wbem;C:\WINDOWS\System32\WindowsPowerShell\v1.0\;C:\WINDOWS\System32\OpenSSH\;C:\Program Files\Git\cmd;C:\Program Files\nodejs\;C:\Python\Python312\Scripts;C:\Program Files\MySQL\MySQL Shell 8.0\bin\;C:\Users\dohyu\AppData\Local\Microsoft\WindowsApps;C:\Users\dohyu\AppData\Local\Programs\Microsoft VS Code\bin;C:\mingw\bin;C:\Program Files\JetBrains\IntelliJ IDEA 2025.3.3\bin;C:\Users\dohyu\AppData\Local\Programs\cursor\resources\app\bin;C:\Users\dohyu\AppData\Roaming\npm;C:\Users\dohyu\AppData\Local\Microsoft\WinGet\Packages\bluenviron.mediamtx_Microsoft.Winget.Source_8wekyb3d8bbwe;C:\Users\dohyu\AppData\Local\Microsoft\WinGet\Packages\Gyan.FFmpeg_Microsoft.Winget.Source_8wekyb3d8bbwe\ffmpeg-8.1.1-full_build\bin
USERNAME=dohyu
OS=Windows_NT
PROCESSOR_IDENTIFIER=Intel64 Family 6 Model 126 Stepping 5, GenuineIntel
TMP=C:\Users\dohyu\AppData\Local\Temp
TEMP=C:\Users\dohyu\AppData\Local\Temp




Periodic native trim disabled

---------------  S Y S T E M  ---------------

OS:
 Windows 11 , 64 bit Build 26100 (10.0.26100.8875)
OS uptime: 15 days 5:01 hours
Hyper-V role detected

CPU: total 8 (initial active 8) (4 cores per cpu, 2 threads per core) family 6 model 126 stepping 5 microcode 0x86, cx8, cmov, fxsr, ht, mmx, 3dnowpref, sse, sse2, sse3, ssse3, sse4.1, sse4.2, popcnt, lzcnt, tsc, tscinvbit, avx, avx2, aes, erms, clmul, bmi1, bmi2, adx, avx512f, avx512dq, avx512cd, avx512bw, avx512vl, sha, fma, vzeroupper, avx512_vpopcntdq, avx512_vpclmulqdq, avx512_vaes, avx512_vnni, clflush, clflushopt, avx512_vbmi2, avx512_vbmi, hv, rdtscp, rdpid, fsrm, gfni, avx512_bitalg, f16c, avx512_ifma
Processor Information for the first 8 processors :
  Max Mhz: 1497, Current Mhz: 1297, Mhz Limit: 1287

Memory: 4k page, system-wide physical 7901M (269M free)
TotalPageFile size 32477M (AvailPageFile size 0M)
current process WorkingSet (physical memory assigned to process): 80M, peak: 491M
current process commit charge ("private bytes"): 1291M, peak: 1297M

vm_info: OpenJDK 64-Bit Server VM (21.0.11+10-LTS) for windows-amd64 JRE (21.0.11+10-LTS), built on 2026-04-21T00:00:00Z by "admin" with MS VC++ 17.12 (VS2022)

END.
